// Vitest Snapshot v1, https://vitest.dev/guide/snapshot.html

exports[`RecommendationsSection > empty resume 1`] = `
<body>
  <div />
</body>
`;

exports[`RecommendationsSection > multiples with required fields only 1`] = `
<body>
  <div>
    <section
      class=""
    >
      <h2
        class="mt-3 mb-4 text-center text-4xl font-bold text-sky-300 md:text-left print:text-left print:text-3xl print:font-semibold"
      >
        Recommendations
      </h2>
      <div
        class="pt-4 pb-4 last:pb-0"
      >
        <div
          class="flex"
        >
          <div
            class="pr-4 text-6xl text-sky-400"
          >
            â€œ
          </div>
          <div
            class="typography"
          >
            <div
              class="typography"
            >
              <p>
                Foo Message
              </p>
            </div>
          </div>
        </div>
        <div
          class="pl-16"
        >
          <p
            class="text-xl"
          >
            Foo Author
          </p>
          <div
            class="text-sm text-zinc-300"
          >
            Foo Foo
          </div>
        </div>
      </div>
    </section>
  </div>
</body>
`;
